#-----------------------------------------------------------
# Vivado v2023.1 (64-bit)
# SW Build 3865809 on Sun May  7 15:05:29 MDT 2023
# IP Build 3864474 on Sun May  7 20:36:21 MDT 2023
# SharedData Build 3865790 on Sun May 07 13:33:03 MDT 2023
# Start of session at: Sat Dec  2 22:51:02 2023
# Process ID: 21184
# Current directory: C:/Users/marco/OneDrive/Desktop/Projects/Progetti Vivado/NECST/Merge_SortG/Merge_SortG
# Command line: vivado.exe -gui_launcher_event rodinguilauncherevent3836 C:\Users\marco\OneDrive\Desktop\Projects\Progetti Vivado\NECST\Merge_SortG\Merge_SortG\Merge_SortG.xpr
# Log file: C:/Users/marco/OneDrive/Desktop/Projects/Progetti Vivado/NECST/Merge_SortG/Merge_SortG/vivado.log
# Journal file: C:/Users/marco/OneDrive/Desktop/Projects/Progetti Vivado/NECST/Merge_SortG/Merge_SortG\vivado.jou
# Running On: PC-di-Marco, OS: Windows, CPU Frequency: 2808 MHz, CPU Physical cores: 4, Host memory: 8469 MB
#-----------------------------------------------------------
start_gui
open_project {C:/Users/marco/OneDrive/Desktop/Projects/Progetti Vivado/NECST/Merge_SortG/Merge_SortG/Merge_SortG.xpr}
launch_simulation
open_wave_config {C:/Users/marco/OneDrive/Desktop/Projects/Progetti Vivado/NECST/Merge_SortG/Merge_SortG/top_sim_behav.wcfg}
source top_sim.tcl
relaunch_sim
save_wave_config {C:/Users/marco/OneDrive/Desktop/Projects/Progetti Vivado/NECST/Merge_SortG/Merge_SortG/top_sim_behav.wcfg}
close_sim
launch_simulation
open_wave_config {C:/Users/marco/OneDrive/Desktop/Projects/Progetti Vivado/NECST/Merge_SortG/Merge_SortG/top_sim_behav.wcfg}
source top_sim.tcl
relaunch_sim
run 10 ms
run 11 us
relaunch_sim
relaunch_sim
run 100 us
relaunch_sim
relaunch_sim
run 100 us
run 100 us
save_wave_config {C:/Users/marco/OneDrive/Desktop/Projects/Progetti Vivado/NECST/Merge_SortG/Merge_SortG/top_sim_behav.wcfg}
close_sim
